I'm sorry, but errors were detected in your script. Please correct the
errors listed below, and try again.


File "game/fishing_minigame.rpy", line 219: style property corner_radius is not known.
    corner_radius 10  
                 ^

Ren'Py Version: Ren'Py 8.0.3.22090809
Tue Mar  4 19:53:56 2025
